cpus(实测可用): 0 1 2 3 4 5 7 | exec=7 parent=0 del=1 2 3 4 5 
stage0 v3 mode=detect KS=58699 workers=5 exec_after=100 exec_cpu=7 parent_cpu=0 del=[1,2,3,4,5] socks=1024 msgs=8 send=0x2000 rcu=0 drain_ms=6000 attempts=500
   irq: fds=0 period=50000ns lead=0ns sweep=0 x0
detect 模式：安全片段（rb 指针全 0）—— 命中判据 = 回读流里出现连续零字节
[progress] 20/500 attempts, 20.2s, drain_last=1ms
[progress] 40/500 attempts, 41.0s, drain_last=1ms
[progress] 60/500 attempts, 65.2s, drain_last=1ms
[progress] 80/500 attempts, 81.9s, drain_last=2ms
[progress] 100/500 attempts, 97.2s, drain_last=3ms
[progress] 120/500 attempts, 112.2s, drain_last=3ms
[progress] 140/500 attempts, 126.8s, drain_last=2ms
[progress] 160/500 attempts, 141.0s, drain_last=2ms
[progress] 180/500 attempts, 155.2s, drain_last=2ms
[progress] 200/500 attempts, 171.1s, drain_last=1ms
[progress] 220/500 attempts, 194.6s, drain_last=2ms
[progress] 240/500 attempts, 227.1s, drain_last=2ms
[progress] 260/500 attempts, 256.1s, drain_last=3ms
[progress] 280/500 attempts, 283.8s, drain_last=0ms
[progress] 300/500 attempts, 307.8s, drain_last=1ms
[progress] 320/500 attempts, 330.8s, drain_last=3ms
[progress] 340/500 attempts, 349.9s, drain_last=3ms
[progress] 360/500 attempts, 367.1s, drain_last=3ms
[progress] 380/500 attempts, 383.8s, drain_last=3ms
[progress] 400/500 attempts, 400.2s, drain_last=3ms
[progress] 420/500 attempts, 416.6s, drain_last=3ms
[progress] 440/500 attempts, 434.0s, drain_last=3ms
[progress] 460/500 attempts, 448.5s, drain_last=3ms
[progress] 480/500 attempts, 463.6s, drain_last=3ms
[progress] 500/500 attempts, 477.8s, drain_last=3ms
done: 500 attempts in 477.8s  hits=0 (ptr=0 zero=0)
