cpus(实测可用): 0 1 2 3 4 6 7 | exec=7 parent=0 del=1 2 3 4 6 
stage0 v3 mode=detect KS=5000 workers=5 exec_after=100 exec_cpu=7 parent_cpu=0 del=[1,2,3,4,6] socks=64 msgs=4 send=0x2000 rcu=0 drain_ms=6000 attempts=5
   irq: fds=0 period=50000ns lead=0ns sweep=0 x0
detect 模式：安全片段（rb 指针全 0）—— 命中判据 = 回读流里出现连续零字节
  attempt=1 created=5000 slab_after_create=6727/6727
  attempt=1 created=5000 deleted=5000 mark=1 ack=1 sent=256 storm_us=3082 exec_at_us=151 batch_us=10713 (no hit)
  timing(ms) create=31.6 storm=38.0 drain=39.0 fill=0.7 kill=9.2 check=1.3 | PRE_DRAIN+slab=31.6 total=119.8
  attempt=2 created=5000 slab_after_create=6634/6634
  attempt=2 created=5000 deleted=5000 mark=1 ack=1 sent=256 storm_us=5976 exec_at_us=102 batch_us=11613 (no hit)
  timing(ms) create=39.0 storm=45.4 drain=52.8 fill=3.9 kill=1.2 check=0.9 | PRE_DRAIN+slab=39.0 total=143.2
  attempt=3 created=5000 slab_after_create=6417/6417
  attempt=3 created=5000 deleted=5000 mark=1 ack=1 sent=256 storm_us=3777 exec_at_us=70 batch_us=11288 (no hit)
  timing(ms) create=32.4 storm=44.1 drain=40.3 fill=0.9 kill=1.2 check=1.5 | PRE_DRAIN+slab=32.4 total=120.3
  attempt=4 created=5000 slab_after_create=6262/6262
  attempt=4 created=5000 deleted=5000 mark=1 ack=1 sent=256 storm_us=4290 exec_at_us=109 batch_us=15079 (no hit)
  timing(ms) create=41.4 storm=37.9 drain=42.1 fill=0.8 kill=4.9 check=1.3 | PRE_DRAIN+slab=41.4 total=128.5
  attempt=5 created=5000 slab_after_create=6510/6510
  attempt=5 created=5000 deleted=5000 mark=1 ack=1 sent=256 storm_us=4192 exec_at_us=103 batch_us=12887 (no hit)
  timing(ms) create=34.2 storm=47.5 drain=40.3 fill=0.9 kill=0.8 check=1.6 | PRE_DRAIN+slab=34.2 total=125.4
done: 5 attempts in 0.6s  hits=0 (ptr=0 zero=0)
