cpus(实测可用): 0 1 2 3 4 6 | exec=6 parent=0 del=1 2 3 4 
stage0 v3 mode=detect KS=20000 workers=5 exec_after=100 exec_cpu=6 parent_cpu=0 del=[1,2,3,4] socks=1024 msgs=8 send=0x2000 rcu=0 drain_ms=6000 attempts=600
   irq: fds=1 period=50000ns lead=0ns sweep=0 x0
detect 模式：安全片段（rb 指针全 0）—— 命中判据 = 回读流里出现连续零字节
[progress] 20/600 attempts, 8.9s, drain_last=5ms
[progress] 40/600 attempts, 18.2s, drain_last=5ms
[progress] 60/600 attempts, 27.1s, drain_last=4ms
[progress] 80/600 attempts, 35.9s, drain_last=3ms
[progress] 100/600 attempts, 44.8s, drain_last=4ms
[progress] 120/600 attempts, 54.0s, drain_last=2ms
[progress] 140/600 attempts, 62.1s, drain_last=2ms
[progress] 160/600 attempts, 71.0s, drain_last=5ms
[progress] 180/600 attempts, 80.3s, drain_last=2ms
[progress] 200/600 attempts, 89.2s, drain_last=2ms
[progress] 220/600 attempts, 98.2s, drain_last=5ms
[progress] 240/600 attempts, 107.3s, drain_last=4ms
[progress] 260/600 attempts, 116.2s, drain_last=5ms
[progress] 280/600 attempts, 125.1s, drain_last=5ms
[progress] 300/600 attempts, 134.0s, drain_last=5ms
[progress] 320/600 attempts, 143.3s, drain_last=4ms
[progress] 340/600 attempts, 152.3s, drain_last=5ms
[progress] 360/600 attempts, 161.2s, drain_last=5ms
[progress] 380/600 attempts, 170.2s, drain_last=3ms
[progress] 400/600 attempts, 179.5s, drain_last=5ms
[progress] 420/600 attempts, 188.6s, drain_last=5ms
[progress] 440/600 attempts, 197.6s, drain_last=5ms
[progress] 460/600 attempts, 206.5s, drain_last=3ms
[progress] 480/600 attempts, 215.4s, drain_last=4ms
[progress] 500/600 attempts, 224.7s, drain_last=4ms
[progress] 520/600 attempts, 234.5s, drain_last=5ms
[progress] 540/600 attempts, 244.1s, drain_last=4ms
[progress] 560/600 attempts, 253.1s, drain_last=4ms
[progress] 580/600 attempts, 262.2s, drain_last=3ms
[progress] 600/600 attempts, 271.0s, drain_last=5ms
done: 600 attempts in 271.0s  hits=0 (ptr=0 zero=0)
