stage0 v3 mode=detect KS=20000 workers=15 exec_after=100 exec_cpu=5 parent_cpu=0 del=[1,2,3,4] socks=256 msgs=8 send=0x3de0 rcu=0 drain_ms=6000 attempts=1200
   irq: fds=1 period=50000ns lead=20000ns sweep=20000 x32
detect 模式：安全片段（rb 指针全 0）—— 命中判据 = 回读流里出现连续零字节
[progress] 20/1200 attempts, 5.4s, drain_last=2ms
[progress] 40/1200 attempts, 11.0s, drain_last=2ms
[progress] 60/1200 attempts, 16.5s, drain_last=5ms
[progress] 80/1200 attempts, 21.6s, drain_last=2ms
[progress] 100/1200 attempts, 27.0s, drain_last=5ms
[progress] 120/1200 attempts, 32.7s, drain_last=5ms
[progress] 140/1200 attempts, 38.4s, drain_last=2ms
[progress] 160/1200 attempts, 43.5s, drain_last=5ms
[progress] 180/1200 attempts, 49.3s, drain_last=4ms
[progress] 200/1200 attempts, 55.1s, drain_last=3ms
[progress] 220/1200 attempts, 60.9s, drain_last=4ms
[progress] 240/1200 attempts, 66.7s, drain_last=4ms
[progress] 260/1200 attempts, 72.6s, drain_last=3ms
[progress] 280/1200 attempts, 78.6s, drain_last=5ms
[progress] 300/1200 attempts, 84.4s, drain_last=2ms
[progress] 320/1200 attempts, 90.3s, drain_last=4ms
[progress] 340/1200 attempts, 96.1s, drain_last=4ms
[progress] 360/1200 attempts, 101.9s, drain_last=2ms
[progress] 380/1200 attempts, 108.2s, drain_last=2ms
[progress] 400/1200 attempts, 113.7s, drain_last=4ms
[progress] 420/1200 attempts, 119.5s, drain_last=1ms
[progress] 440/1200 attempts, 125.3s, drain_last=5ms
[progress] 460/1200 attempts, 131.3s, drain_last=4ms
[progress] 480/1200 attempts, 137.0s, drain_last=4ms
[progress] 500/1200 attempts, 142.9s, drain_last=4ms
[progress] 520/1200 attempts, 148.7s, drain_last=2ms
[progress] 540/1200 attempts, 154.4s, drain_last=2ms
[progress] 560/1200 attempts, 160.3s, drain_last=2ms
[progress] 580/1200 attempts, 166.1s, drain_last=4ms
[progress] 600/1200 attempts, 171.9s, drain_last=4ms
[progress] 620/1200 attempts, 177.8s, drain_last=4ms
[progress] 640/1200 attempts, 183.9s, drain_last=4ms
[progress] 660/1200 attempts, 189.7s, drain_last=4ms
[progress] 680/1200 attempts, 195.5s, drain_last=3ms
[progress] 700/1200 attempts, 201.3s, drain_last=5ms
[progress] 720/1200 attempts, 207.3s, drain_last=4ms
[progress] 740/1200 attempts, 213.1s, drain_last=3ms
[progress] 760/1200 attempts, 218.7s, drain_last=5ms
[progress] 780/1200 attempts, 224.5s, drain_last=4ms
[progress] 800/1200 attempts, 230.4s, drain_last=2ms
[progress] 820/1200 attempts, 236.4s, drain_last=4ms
[progress] 840/1200 attempts, 244.2s, drain_last=4ms
[progress] 860/1200 attempts, 250.0s, drain_last=4ms
[progress] 880/1200 attempts, 255.7s, drain_last=2ms
[progress] 900/1200 attempts, 261.5s, drain_last=4ms
[progress] 920/1200 attempts, 267.4s, drain_last=2ms
[progress] 940/1200 attempts, 273.3s, drain_last=3ms
[progress] 960/1200 attempts, 279.0s, drain_last=4ms
[progress] 980/1200 attempts, 284.9s, drain_last=4ms
[progress] 1000/1200 attempts, 290.7s, drain_last=3ms
[progress] 1020/1200 attempts, 296.5s, drain_last=4ms
[progress] 1040/1200 attempts, 302.4s, drain_last=3ms
[progress] 1060/1200 attempts, 308.1s, drain_last=4ms
[progress] 1080/1200 attempts, 314.1s, drain_last=4ms
[progress] 1100/1200 attempts, 319.9s, drain_last=4ms
[progress] 1120/1200 attempts, 325.7s, drain_last=3ms
[progress] 1140/1200 attempts, 331.7s, drain_last=4ms
[progress] 1160/1200 attempts, 337.4s, drain_last=4ms
[progress] 1180/1200 attempts, 343.4s, drain_last=4ms
[progress] 1200/1200 attempts, 349.2s, drain_last=3ms
done: 1200 attempts in 349.2s  hits=0 (ptr=0 zero=0)
