cpus(实测可用): 0 1 2 3 4 5 | exec=5 parent=0 del=1 2 3 4 
stage0 v3 mode=detect KS=20000 workers=5 exec_after=32 exec_cpu=5 parent_cpu=0 del=[1,2,3,4] socks=1024 msgs=8 send=0x3de0 rcu=0 drain_ms=6000 attempts=400
   irq: fds=1 period=50000ns lead=0ns sweep=0 x0
detect 模式：安全片段（rb 指针全 0）—— 命中判据 = 回读流里出现连续零字节
[progress] 20/400 attempts, 12.8s, drain_last=4ms
[progress] 40/400 attempts, 25.5s, drain_last=5ms
[progress] 60/400 attempts, 38.1s, drain_last=5ms
[progress] 80/400 attempts, 50.9s, drain_last=4ms
[progress] 100/400 attempts, 63.8s, drain_last=4ms
[progress] 120/400 attempts, 76.6s, drain_last=3ms
[progress] 140/400 attempts, 88.0s, drain_last=3ms
[progress] 160/400 attempts, 103.9s, drain_last=478ms
[progress] 180/400 attempts, 113.8s, drain_last=1ms
[progress] 200/400 attempts, 123.4s, drain_last=1ms
[progress] 220/400 attempts, 132.7s, drain_last=1ms
[progress] 240/400 attempts, 141.9s, drain_last=1ms
[progress] 260/400 attempts, 151.9s, drain_last=3ms
[progress] 280/400 attempts, 161.1s, drain_last=2ms
[progress] 300/400 attempts, 170.1s, drain_last=6ms
[progress] 320/400 attempts, 179.5s, drain_last=4ms
[progress] 340/400 attempts, 189.6s, drain_last=5ms
[progress] 360/400 attempts, 198.7s, drain_last=5ms
[progress] 380/400 attempts, 209.0s, drain_last=2ms
[progress] 400/400 attempts, 218.0s, drain_last=3ms
done: 400 attempts in 218.0s  hits=0 (ptr=0 zero=0)
