cpus(实测可用): 0 1 2 3 4 6 | exec=6 parent=0 del=1 2 3 4 
stage0 v3 mode=detect KS=58699 workers=5 exec_after=100 exec_cpu=6 parent_cpu=0 del=[1,2,3,4] socks=1024 msgs=8 send=0x3de0 rcu=0 drain_ms=6000 attempts=1200
   irq: fds=1 period=50000ns lead=0ns sweep=0 x0
detect 模式：安全片段（rb 指针全 0）—— 命中判据 = 回读流里出现连续零字节
[progress] 20/1200 attempts, 22.8s, drain_last=4ms
[progress] 40/1200 attempts, 46.0s, drain_last=4ms
[progress] 60/1200 attempts, 74.2s, drain_last=2ms
[progress] 80/1200 attempts, 107.3s, drain_last=3ms
[progress] 100/1200 attempts, 131.7s, drain_last=4ms
[progress] 120/1200 attempts, 155.4s, drain_last=3ms
[progress] 140/1200 attempts, 178.6s, drain_last=3ms
[progress] 160/1200 attempts, 202.3s, drain_last=5ms
[progress] 180/1200 attempts, 227.5s, drain_last=5ms
[progress] 200/1200 attempts, 250.5s, drain_last=5ms
[progress] 220/1200 attempts, 274.9s, drain_last=4ms
[progress] 240/1200 attempts, 301.1s, drain_last=3ms
[progress] 260/1200 attempts, 324.7s, drain_last=2ms
[progress] 280/1200 attempts, 349.7s, drain_last=2ms
[progress] 300/1200 attempts, 375.9s, drain_last=4ms
[progress] 320/1200 attempts, 401.3s, drain_last=2ms
[progress] 340/1200 attempts, 424.5s, drain_last=3ms
[progress] 360/1200 attempts, 449.7s, drain_last=5ms
[progress] 380/1200 attempts, 473.2s, drain_last=2ms
[progress] 400/1200 attempts, 499.0s, drain_last=5ms
[progress] 420/1200 attempts, 534.5s, drain_last=3ms
[progress] 440/1200 attempts, 578.0s, drain_last=7ms
[progress] 460/1200 attempts, 629.0s, drain_last=5ms
[progress] 480/1200 attempts, 681.7s, drain_last=4ms
[progress] 500/1200 attempts, 727.6s, drain_last=4ms
[progress] 520/1200 attempts, 778.6s, drain_last=5ms
[progress] 540/1200 attempts, 827.2s, drain_last=5ms
[progress] 560/1200 attempts, 878.4s, drain_last=11ms
[progress] 580/1200 attempts, 924.4s, drain_last=2ms
[progress] 600/1200 attempts, 958.3s, drain_last=2ms
[progress] 620/1200 attempts, 988.3s, drain_last=4ms
[progress] 640/1200 attempts, 1020.9s, drain_last=3ms
[progress] 660/1200 attempts, 1054.0s, drain_last=4ms
[progress] 680/1200 attempts, 1088.3s, drain_last=3ms
[progress] 700/1200 attempts, 1119.5s, drain_last=2ms
[progress] 720/1200 attempts, 1153.5s, drain_last=3ms
[progress] 740/1200 attempts, 1182.6s, drain_last=4ms
[progress] 760/1200 attempts, 1215.4s, drain_last=2ms
[progress] 780/1200 attempts, 1245.1s, drain_last=3ms
[progress] 800/1200 attempts, 1278.8s, drain_last=2ms
[progress] 820/1200 attempts, 1310.0s, drain_last=2ms
[progress] 840/1200 attempts, 1341.9s, drain_last=8ms
[progress] 860/1200 attempts, 1373.0s, drain_last=3ms
[progress] 880/1200 attempts, 1410.8s, drain_last=3ms
[progress] 900/1200 attempts, 1439.8s, drain_last=3ms
[progress] 920/1200 attempts, 1472.8s, drain_last=2ms
[progress] 940/1200 attempts, 1506.1s, drain_last=2ms
[progress] 960/1200 attempts, 1547.2s, drain_last=4ms
[progress] 980/1200 attempts, 1589.0s, drain_last=3ms
[progress] 1000/1200 attempts, 1639.7s, drain_last=3ms
[progress] 1020/1200 attempts, 1686.6s, drain_last=3ms
[progress] 1040/1200 attempts, 1727.4s, drain_last=3ms
[progress] 1060/1200 attempts, 1770.1s, drain_last=4ms
[progress] 1080/1200 attempts, 1810.6s, drain_last=4ms
[progress] 1100/1200 attempts, 1855.0s, drain_last=3ms
[progress] 1120/1200 attempts, 1905.7s, drain_last=3ms
[progress] 1140/1200 attempts, 1942.4s, drain_last=1ms
[progress] 1160/1200 attempts, 1975.2s, drain_last=2ms
[progress] 1180/1200 attempts, 2007.1s, drain_last=2ms
[progress] 1200/1200 attempts, 2039.9s, drain_last=2ms
done: 1200 attempts in 2039.9s  hits=0 (ptr=0 zero=0)
