cpus(实测可用): 0 1 2 3 4 5 6 | exec=6 parent=0 del=1 2 3 4 5 
stage0 v3 mode=detect KS=58699 workers=5 exec_after=32 exec_cpu=6 parent_cpu=0 del=[1,2,3,4,5] socks=1024 msgs=8 send=0x3de0 rcu=0 drain_ms=6000 attempts=300
   irq: fds=1 period=50000ns lead=0ns sweep=0 x0
detect 模式：安全片段（rb 指针全 0）—— 命中判据 = 回读流里出现连续零字节
[progress] 20/300 attempts, 30.2s, drain_last=2ms
[progress] 40/300 attempts, 63.3s, drain_last=3ms
[progress] 60/300 attempts, 95.8s, drain_last=4ms
[progress] 80/300 attempts, 128.8s, drain_last=3ms
[progress] 100/300 attempts, 161.4s, drain_last=4ms
[progress] 120/300 attempts, 196.7s, drain_last=2ms
[progress] 140/300 attempts, 229.7s, drain_last=6ms
[progress] 160/300 attempts, 262.3s, drain_last=3ms
[progress] 180/300 attempts, 296.0s, drain_last=3ms
[progress] 200/300 attempts, 330.2s, drain_last=2ms
[progress] 220/300 attempts, 363.6s, drain_last=3ms
[progress] 240/300 attempts, 397.1s, drain_last=5ms
[progress] 260/300 attempts, 433.5s, drain_last=4ms
[progress] 280/300 attempts, 463.7s, drain_last=3ms
[progress] 300/300 attempts, 492.6s, drain_last=3ms
done: 300 attempts in 492.6s  hits=0 (ptr=0 zero=0)
