stage0 v3 mode=probe KS=20000 workers=5 exec_after=100 exec_cpu=7 parent_cpu=0 del=[1,2,3,4,5,6] socks=512 msgs=8 send=0x2000 rcu=0 drain_ms=6000 attempts=800
baseline boot_id=affbd6d9-3de2-45a8-86d4-40bf600fe879
  forged_parent=0xffffff80aaf27158
[progress] 20/800 attempts, 15.0s, drain_last=3ms
[progress] 40/800 attempts, 28.0s, drain_last=3ms
[progress] 60/800 attempts, 38.7s, drain_last=3ms
[progress] 80/800 attempts, 49.3s, drain_last=4ms
[progress] 100/800 attempts, 59.9s, drain_last=3ms
[progress] 120/800 attempts, 69.2s, drain_last=4ms
[progress] 140/800 attempts, 80.2s, drain_last=3ms
[progress] 160/800 attempts, 91.8s, drain_last=2ms
[progress] 180/800 attempts, 101.2s, drain_last=3ms
[progress] 200/800 attempts, 111.6s, drain_last=3ms
[progress] 220/800 attempts, 121.4s, drain_last=3ms
[progress] 240/800 attempts, 130.8s, drain_last=4ms
[progress] 260/800 attempts, 141.6s, drain_last=3ms
[progress] 280/800 attempts, 152.0s, drain_last=3ms
[progress] 300/800 attempts, 162.4s, drain_last=3ms
[progress] 320/800 attempts, 172.7s, drain_last=3ms
[progress] 340/800 attempts, 182.6s, drain_last=4ms
[progress] 360/800 attempts, 193.0s, drain_last=3ms
[progress] 380/800 attempts, 203.4s, drain_last=2ms
[progress] 400/800 attempts, 213.6s, drain_last=2ms
[progress] 420/800 attempts, 223.8s, drain_last=3ms
[progress] 440/800 attempts, 234.3s, drain_last=3ms
[progress] 460/800 attempts, 244.6s, drain_last=4ms
[progress] 480/800 attempts, 255.1s, drain_last=3ms
[progress] 500/800 attempts, 265.6s, drain_last=3ms
[progress] 520/800 attempts, 276.1s, drain_last=3ms
[progress] 540/800 attempts, 286.3s, drain_last=31ms
[progress] 560/800 attempts, 296.2s, drain_last=3ms
[progress] 580/800 attempts, 306.3s, drain_last=2ms
[progress] 600/800 attempts, 316.7s, drain_last=3ms
[progress] 620/800 attempts, 327.4s, drain_last=3ms
[progress] 640/800 attempts, 337.1s, drain_last=2ms
[progress] 660/800 attempts, 347.5s, drain_last=3ms
[progress] 680/800 attempts, 357.6s, drain_last=3ms
[progress] 700/800 attempts, 366.4s, drain_last=2ms
[progress] 720/800 attempts, 376.2s, drain_last=3ms
Terminated 
